error test line
another ERROR line
